*Impossivel adicionar voo OPO NCE
*Impossivel adicionar voo NCE LIS
*Capacidade de LIS inalterada
Voos entre cidades LIS:LAX:3:2
Voo mais popular LIS:LAX:3
*Impossivel adicionar voo LIS NCE
Aeroporto com mais rotas LAX:5:5
Aeroporto com mais ligacoes LIS:2
12:3
