#iaed 3
#climatechange 1
#oscars 1
#project2 1
#science 1
#iaed 3
