*Impossivel adicionar voo RT WFJ CQD
CQD:8:2:2
HTC:3:0:0
IVP:66:0:0
JXL:85:0:0
KYJ:44:0:0
LLS:68:1:1
RNX:36:1:0
TGG:58:0:0
VZY:84:0:0
WFJ:1:0:1
*Capacidade de CQD inalterada
*Capacidade de CQD inalterada
3:10
