Voos entre cidades LAX:OPO:1:1
*Impossivel remover voo RT LAX OPO
Voos entre cidades LAX:OPO:0:0
Voos entre cidades LAX:OPO:0:0
LAX:10:0:0
LIS:20:1:1
OPO:30:1:1
2:3
