Voos entre cidades LIS:LAX:3:2
3:1
8:1
9:1
10:1
15:4
