*Impossivel remover voo SRZ BBS
*Impossivel remover voo RT KBH GBK
*Impossivel remover voo GQF BBS
*Impossivel remover voo WRF BBS
*Impossivel remover voo RT WRF GQF
*Impossivel remover voo GBK KBH
*Impossivel remover voo KBH GBK
*Aeroporto DRZ inexistente
*Impossivel remover voo RT SRZ OXR
Aeroporto com mais ligacoes BBS:1
0:6
1:2
2:4
Aeroporto com mais ligacoes BBS:1
Aeroporto com mais ligacoes BBS:1
Voos entre cidades GQF:BBS:0:0
*Impossivel remover voo JBT GBK
Aeroporto com mais rotas KBH:2:1
*Impossivel remover voo GQF JBT
*Capacidade de PPD inalterada
Aeroporto com mais ligacoes KBH:2
Voos entre cidades BBS:SRZ:0:0
Aeroporto com mais ligacoes KBH:2
*Impossivel remover voo RT GQF SRZ
*Impossivel remover voo RT WRF KBH
Aeroporto com mais rotas KBH:3:1
Aeroporto com mais rotas EQX:4:4
Aeroporto com mais ligacoes GQF:6
Voo mais popular BBS:JBT:5
0:2
1:1
2:1
3:3
4:1
5:3
6:1
7:1
8:1
26:14
